// Jest Snapshot v1, https://goo.gl/fbAQLP

exports[`Calculator takes a snapshot of Calculator component 1`] = `ShallowWrapper {}`;
